Loading weights:   0%|          | 0/391 [00:00<?, ?it/s]Loading weights:   7%|▋         | 27/391 [00:00<00:01, 255.74it/s]Loading weights:  14%|█▎        | 53/391 [00:00<00:01, 217.80it/s]Loading weights:  19%|█▉        | 76/391 [00:00<00:01, 214.14it/s]Loading weights:  41%|████      | 159/391 [00:00<00:00, 413.33it/s]Loading weights:  51%|█████▏    | 201/391 [00:00<00:00, 324.53it/s]Loading weights:  60%|██████    | 236/391 [00:00<00:00, 313.65it/s]Loading weights: 100%|██████████| 391/391 [00:00<00:00, 506.23it/s]
Loading weights:   0%|          | 0/201 [00:00<?, ?it/s]Loading weights: 100%|██████████| 201/201 [00:00<00:00, 34900.44it/s]
Loading weights:   0%|          | 0/201 [00:00<?, ?it/s]Loading weights: 100%|██████████| 201/201 [00:00<00:00, 26782.36it/s]
Loading weights:   0%|          | 0/201 [00:00<?, ?it/s]Loading weights: 100%|██████████| 201/201 [00:00<00:00, 34695.05it/s]
{
  "n": 20,
  "duplicates": {
    "n": 20,
    "exact_duplicates": 0,
    "exact_rate": 0.0,
    "near_duplicates": 0,
    "near_rate": 0.0,
    "near_threshold": 0.8,
    "ngram": 5,
    "near_vs_reference": 0,
    "near_vs_reference_rate": 0.0,
    "reference": "data\\processed\\nadi_lahjatbert.jsonl"
  },
  "lexical": {
    "n_texts": 20,
    "n_tokens": 226,
    "vocab": 146,
    "mean_words": 11.3,
    "ttr": 0.646,
    "distinct_1": 0.646,
    "distinct_2": 0.8058,
    "mtld": 34.68,
    "self_bleu": 0.0379
  },
  "embedding": {
    "n": 20,
    "model": "intfloat/multilingual-e5-large",
    "mean_pairwise_cosine_distance": 0.1303,
    "vendi_score": 2.06,
    "vendi_score_normalized": 0.1031
  },
  "fidelity": {
    "did_nadi": {
      "model": "CAMeL-Lab/bert-base-arabic-camelbert-mix-did-nadi",
      "n_scored": 20,
      "n_target_not_covered": 0,
      "top1_agreement": 0.15,
      "per_dialect": {
        "Egypt": {
          "n": 4,
          "top1_agreement": 0.5
        },
        "Iraq": {
          "n": 4,
          "top1_agreement": 0.0
        },
        "Morocco": {
          "n": 4,
          "top1_agreement": 0.0
        },
        "Saudi_Arabia": {
          "n": 4,
          "top1_agreement": 0.25
        },
        "Syria": {
          "n": 4,
          "top1_agreement": 0.0
        }
      },
      "predicted_distribution": {
        "Egypt": 9,
        "Saudi_Arabia": 1,
        "Morocco": 1,
        "Libya": 2,
        "Oman": 1,
        "UAE": 3,
        "Sudan": 1,
        "Palestine": 1,
        "Yemen": 1
      }
    },
    "did_madar": {
      "model": "CAMeL-Lab/bert-base-arabic-camelbert-mix-did-madar-corpus26",
      "n_scored": 20,
      "n_target_not_covered": 0,
      "top1_agreement": 0.15,
      "per_dialect": {
        "Egypt": {
          "n": 4,
          "top1_agreement": 0.75
        },
        "Iraq": {
          "n": 4,
          "top1_agreement": 0.0
        },
        "Morocco": {
          "n": 4,
          "top1_agreement": 0.0
        },
        "Saudi_Arabia": {
          "n": 4,
          "top1_agreement": 0.0
        },
        "Syria": {
          "n": 4,
          "top1_agreement": 0.0
        }
      },
      "predicted_distribution": {
        "Egypt": 5,
        "Saudi_Arabia": 1,
        "Oman": 4,
        "Tunisia": 4,
        "Algeria": 1,
        "Sudan": 2,
        "Libya": 1,
        "Jordan": 1,
        "Lebanon": 1
      }
    },
    "aldi": {
      "model": "VARabi/Sentence-ALDi",
      "n": 20,
      "mean": 0.6211,
      "median": 0.7165,
      "share_ge_0_5": 0.7,
      "histogram_0.1_bins": {
        "0.0": 2,
        "0.1": 0,
        "0.2": 1,
        "0.3": 0,
        "0.4": 3,
        "0.5": 1,
        "0.6": 3,
        "0.7": 3,
        "0.8": 5,
        "0.9": 2
      }
    },
    "kappa": {
      "did_nadi_vs_did_madar": {
        "n": 20,
        "kappa": 0.1329
      },
      "did_nadi_vs_target": {
        "n": 20,
        "kappa": 0.0449
      },
      "did_madar_vs_target": {
        "n": 20,
        "kappa": 0.0957
      }
    }
  },
  "control_adherence": null
}
