Loading weights:   0%|          | 0/197 [00:00<?, ?it/s]Loading weights:  18%|█▊        | 35/197 [00:00<00:00, 339.78it/s]Loading weights:  41%|████      | 81/197 [00:00<00:00, 402.88it/s]Loading weights: 100%|██████████| 197/197 [00:00<00:00, 939.26it/s]
[transformers] [1mBertForSequenceClassification LOAD REPORT[0m from: aubmindlab/bert-base-arabertv02-twitter
Key                                        | Status     | 
-------------------------------------------+------------+-
cls.predictions.transform.LayerNorm.weight | UNEXPECTED | 
cls.predictions.transform.LayerNorm.bias   | UNEXPECTED | 
cls.predictions.bias                       | UNEXPECTED | 
cls.predictions.transform.dense.bias       | UNEXPECTED | 
cls.predictions.transform.dense.weight     | UNEXPECTED | 
classifier.weight                          | MISSING    | 
classifier.bias                            | MISSING    | 
bert.pooler.dense.bias                     | MISSING    | 
bert.pooler.dense.weight                   | MISSING    | 

Notes:
- UNEXPECTED:	can be ignored when loading from different task/architecture; not ok if you expect identical arch.
- MISSING:	those params were newly initialized because missing from the checkpoint. Consider training on your downstream task.
  epoch 1 step 200/2190 loss 0.6273
  epoch 1 step 400/2190 loss 0.5401
  epoch 1 step 600/2190 loss 0.4949
  epoch 1 step 800/2190 loss 0.4663
  epoch 1 step 1000/2190 loss 0.4477
  epoch 1 step 1200/2190 loss 0.4360
  epoch 1 step 1400/2190 loss 0.4263
  epoch 1 step 1600/2190 loss 0.4177
  epoch 1 step 1800/2190 loss 0.4111
  epoch 1 step 2000/2190 loss 0.4048
epoch 1: train loss 0.3999  val macro F1 78.17  micro F1 78.28
Writing model shards:   0%|          | 0/1 [00:00<?, ?it/s]Writing model shards: 100%|██████████| 1/1 [00:01<00:00,  1.79s/it]Writing model shards: 100%|██████████| 1/1 [00:01<00:00,  1.79s/it]
  epoch 2 step 200/2190 loss 0.3339
  epoch 2 step 400/2190 loss 0.3311
  epoch 2 step 600/2190 loss 0.3302
  epoch 2 step 800/2190 loss 0.3293
  epoch 2 step 1000/2190 loss 0.3275
  epoch 2 step 1200/2190 loss 0.3262
  epoch 2 step 1400/2190 loss 0.3265
  epoch 2 step 1600/2190 loss 0.3273
  epoch 2 step 1800/2190 loss 0.3267
  epoch 2 step 2000/2190 loss 0.3271
epoch 2: train loss 0.3272  val macro F1 79.13  micro F1 79.19
Writing model shards:   0%|          | 0/1 [00:00<?, ?it/s]Writing model shards: 100%|██████████| 1/1 [00:01<00:00,  1.31s/it]Writing model shards: 100%|██████████| 1/1 [00:01<00:00,  1.31s/it]
Loading weights:   0%|          | 0/201 [00:00<?, ?it/s]Loading weights:  11%|█▏        | 23/201 [00:00<00:00, 226.47it/s]Loading weights:  24%|██▍       | 48/201 [00:00<00:00, 239.17it/s]Loading weights: 100%|██████████| 201/201 [00:00<00:00, 665.48it/s]
DEV  macro F1 70.83  P 69.69  R 75.32  | micro F1 72.51  (best val epoch 2)
